getattr()函数是Python自省的核心函数

getattr用于返回一个对象属性

print getattr(Instance , 'name, 'not find') #如果Instance 对象中有属性name则打印self.name的值，否则打印'not find'

# 使用getattr可以轻松实现工厂模式

例：一个模块支持html、text、xml等格式的打印，根据传入的formate参数的不同，调用不同的函数实现几种格式的输出

import statsout
def output(data, format='text'):
	func = getattr(statsout, 'output_%s' % format)
	return func(data)


# example
>>> class test():
...     name="xiaohua"
...     def run(self):
...             return "HelloWord"
...
>>> t=test()
>>> getattr(t, "name") #获取name属性，存在就打印出来。
'xiaohua'
>>> getattr(t, "run")  #获取run方法，存在就打印出方法的内存地址。
<bound method test.run of <__main__.test instance at 0x0269C878>>
>>> getattr(t, "run")()  #获取run方法，后面加括号可以将这个方法运行。
'HelloWord'
>>> getattr(t, "age")  #获取一个不存在的属性。
Traceback (most recent call last):
  File "<stdin>", line 1, in <module>
AttributeError: test instance has no attribute 'age'
>>> getattr(t, "age","18")  #若属性不存在，返回一个默认值。
'18'
>>>



# hasattr
hasattr用于确定一个对象是否具有某个属性
返回一个布尔值